06-May-2017 15:44:32                                                                             CMS-2 Source Analyzer/SAN (VAX) Version 12.01
                                                                    Source Analysis Summary
                                        +-----------------------------High Level CMS-2------------------------------+ +-------CMS-2 DIRECT--------+  +-----Total------+
Component                               Exec      Exec      Data      Data      Comment   Comment   NonCmt    Other     Exec      Data      Comment   Exec      Source    CSWTC     MX Delimt
Name                            Type    Stmts     Lines     Stmts     Lines     Stmts     Lines     Lines     Stmts     Stmts     Stmts     Lines     Stmts     Lines     Stmts     LV Stmts
----------------------------------------------------------------------------------------------------------------------------------------------------------------
CMS-2_HighLevel2.txt            SYST    22        18        15        0         18        21        62        0         0         0         0         22        83
CMS-2_HighLevel2_Edited.txt     SYST    22        18        15        0         19        22        61        0         0         0         0         22        83
CMS-2_HighLevel_2.txt           SYST    122       138       145       0         242       295       551       0         0         0         0         122       846
CMS2ComplexClassExample.txt     SYST    0         26        0         0         0         0         39        0         0         0         0         0         39
CMS2SampleDirect230.txt         SYST    5         0         0         0         2         13        234       0         76        0         65        81        247
CMS2SampleDirectLong.txt        SYST    5         0         0         0         2         13        295       0         97        0         83        102       308
CMS2YSample.txt                 SYST    4         0         0         0         3         15        15        0         6         0         3         10        30
new.txt                         SYST    0         0         0         0         0         0         0         0         0         0         0         0         0
