[{"name": "CMS-2_HighLevel2.txt", "notes":0, "total_src_lines": 84, "hl_exec_stmts": 22, "hl_data_stmts":15, "goto_stmts":19, "direct_exec_stmts":0, "direct_commments":0, "block_comments":19,"hl_multi_line_stmt_counter":28},
{"name": "CMS-2_HighLevel2_Edited.txt", "notes":0, "total_src_lines": 84, "hl_exec_stmts": 22,"hl_data_stmts":15, "goto_stmts":19, "direct_exec_stmts":0, "direct_commments":0, "block_comments":20, "hl_multi_line_stmt_counter":28},
{"name": "CMS-2_HighLevel_2.txt", "notes":0, "total_src_lines": 849, "hl_exec_stmts": 122, "hl_data_stmts":145, "goto_stmts":119, "direct_exec_stmts":0, "direct_commments":0, "block_comments":245, "hl_multi_line_stmt_counter":66},
{"name": "CMS2ComplexClassExample.txt", "notes":0, "total_src_lines": 39, "hl_exec_stmts": 0, "hl_data_stmts":0, "goto_stmts":0, "direct_exec_stmts":0, "direct_commments":0, "block_comments":20, "hl_multi_line_stmt_counter":5},
{"name": "CMS2SampleDirect230.txt", "notes":1, "total_src_lines": 247, "hl_exec_stmts": 5, "hl_data_stmts":0, "goto_stmts":1, "direct_exec_stmts":76, "direct_commments":65, "block_comments":2, "hl_multi_line_stmt_counter":0},
{"name": "CMS2SampleDirectLong.txt", "notes":1, "total_src_lines": 308, "hl_exec_stmts": 5, "hl_data_stmts":0, "goto_stmts":1, "direct_exec_stmts":97, "direct_commments":83, "block_comments":2, "hl_multi_line_stmt_counter":0},
{"name": "CMS2YSample.txt", "notes":1, "total_src_lines": 30, "hl_exec_stmts": 0, "hl_data_stmts":0, "goto_stmts":1, "direct_exec_stmts":6, "direct_commments":3, "block_comments":3, "hl_multi_line_stmt_counter":0},
{"name": "test/new.txt", "notes":0, "total_src_lines": 0, "hl_exec_stmts": 0, "hl_data_stmts":0, "goto_stmts":0, "direct_exec_stmts":0, "direct_commments":0, "block_comments":0, "hl_multi_line_stmt_counter":0}]