[{"name": "CMS-2_HighLevel2.txt", "hl_exec_stmts": 22, "direct_exec_stmts":0},
{"name": "CMS-2_HighLevel2_Edited.txt", "hl_exec_stmts": 22, "direct_exec_stmts":0},
{"name": "CMS-2_HighLevel_2txt", "hl_exec_stmts": 122, "direct_exec_stmts":0},
{"name": "CMS2ComplexClassExample.txt", "hl_exec_stmts": 0, "direct_exec_stmts":0},
{"name": "CMS2SampleDirect230.txt", "hl_exec_stmts": 5, "direct_exec_stmts":76},
{"name": "CMS2SampleDirectLong.txt", "hl_exec_stmts": 5, "direct_exec_stmts":97},
{"name": "CMS2YSample.txt","hl_exec_stmts": 0, "direct_exec_stmts":6},
{"name": "test/new.txt", "hl_exec_stmts": 0, "direct_exec_stmts":0}]