[{"name": "CMS-2_HighLevel2.txt", "goto_stmts":19},
{"name": "CMS-2_HighLevel2_Edited.txt", "goto_stmts":19},
{"name": "CMS-2_HighLevel_2.txt", "goto_stmts":119},
{"name": "CMS2ComplexClassExample.txt","goto_stmts":0},
{"name": "CMS2SampleDirect230.txt", "goto_stmts":1},
{"name": "CMS2SampleDirectLong.txt","goto_stmts":1},
{"name": "CMS2YSample.txt", "goto_stmts":1},
{"name": "test/new.txt", "goto_stmts":0}]