[{"name": "CMS-2_HighLevel2.txt", "block_comments":19},
{"name": "CMS-2_HighLevel2_Edited.txt","block_comments":20},
{"name": "CMS-2_HighLevel_2txt", "block_comments":245},
{"name": "CMS2ComplexClassExample.txt","block_comments":20},
{"name": "CMS2SampleDirect230.txt","block_comments":2},
{"name": "CMS2SampleDirectLong.txt", "block_comments":2},
{"name": "CMS2YSample.txt", "block_comments":3},
{"name": "test/new.txt","block_comments":0}]