[{"name": "CMS-2_HighLevel2.txt", "notes":0},
{"name": "CMS-2_HighLevel2_Edited.txt", "notes":0},
{"name": "CMS-2_HighLevel_2txt", "notes":0},
{"name": "CMS2ComplexClassExample.txt", "notes":0},
{"name": "CMS2SampleDirect230.txt", "notes":1},
{"name": "CMS2SampleDirectLong.txt", "notes":1},
{"name": "CMS2YSample.txt", "notes":1},
{"name": "test/new.txt", "notes":0}]