[{"name": "CMS2ComplexClassExample.txt", "moduleName": "", "additions": {"Instructions": 0, "Comments": 0}, "modifications": {"Instructions": 0, "Comments": 0}, "deletions": {"Instructions": 0, "Comments": 0}, "initial_size": {"Instructions": 26, "Comments": 0}, "status": "UNCHANGED", "CPCR": "UNSPECIFIED" },
  {"name": "CMS2SampleDirect230.txt", "moduleName": "", "additions": {"Instructions": 0, "Comments": 0}, "modifications": {"Instructions": 0, "Comments": 0}, "deletions": {"Instructions": 0, "Comments": 0}, "initial_size": {"Instructions": 76, "Comments": 78}, "status": "UNCHANGED", "CPCR": "UNSPECIFIED" },
  {"name": "CMS2SampleDirectLong.txt", "moduleName": "", "additions": {"Instructions": 0, "Comments": 0}, "modifications": {"Instructions": 0, "Comments": 0}, "deletions": {"Instructions": 0, "Comments": 0}, "initial_size": {"Instructions": 97, "Comments": 96}, "status": "UNCHANGED", "CPCR": "UNSPECIFIED" },
  {"name": "CMS2YSample.txt", "moduleName": "", "additions": {"Instructions": 0, "Comments": 0}, "modifications": {"Instructions": 0, "Comments": 0}, "deletions": {"Instructions": 0, "Comments": 0}, "initial_size": {"Instructions": 6, "Comments": 18}, "status": "UNCHANGED", "CPCR": "UNSPECIFIED" },
  {"name": "CMS-2_HighLevel2.txt", "moduleName": "", "additions": {"Instructions": 0, "Comments": 0}, "modifications": {"Instructions": 0, "Comments": 0}, "deletions": {"Instructions": 0, "Comments": 0}, "initial_size": {"Instructions": 33, "Comments": 22}, "status": "UNCHANGED", "CPCR": "UNSPECIFIED" },
  {"name": "CMS-2_HighLevel2_Edited.txt", "moduleName": "", "additions": {"Instructions": 0, "Comments": 0}, "modifications": {"Instructions": 0, "Comments": 0}, "deletions": {"Instructions": 0, "Comments": 0}, "initial_size": {"Instructions": 33, "Comments": 23}, "status": "UNCHANGED", "CPCR": "UNSPECIFIED" },
  {"name": "CMS-2_HighLevel_2.txt", "moduleName": "", "additions": {"Instructions": 0, "Comments": 0}, "modifications": {"Instructions": 0, "Comments": 0}, "deletions": {"Instructions": 0, "Comments": 0}, "initial_size": {"Instructions": 283, "Comments": 298}, "status": "UNCHANGED", "CPCR": "UNSPECIFIED" },
  {"name": "test/new.txt", "moduleName": "", "additions": {"Instructions": 0, "Comments": 0}, "modifications": {"Instructions": 0, "Comments": 0}, "deletions": {"Instructions": 0, "Comments": 0}, "initial_size": {"Instructions": 0, "Comments": 0}, "status": "ADDED", "CPCR": "UNSPECIFIED" }]