[{"name": "CMS-2_HighLevel2.txt", "direct_comments":0},
{"name": "CMS-2_HighLevel2_Edited.txt","direct_comments":0},
{"name": "CMS-2_HighLevel_2txt", "direct_comments":0},
{"name": "CMS2ComplexClassExample.txt","direct_comments":0},
{"name": "CMS2SampleDirect230.txt","direct_comments":65},
{"name": "CMS2SampleDirectLong.txt", "direct_comments":83},
{"name": "CMS2YSample.txt", "direct_comments":3},
{"name": "test/new.txt","direct_comments":0}]